// Vitest Snapshot v1, https://vitest.dev/guide/snapshot.html

exports[`ESLint Config > should export rules 1`] = `
{
  "extends": [
    "prettier",
  ],
  "rules": {
    "arrow-body-style": 0,
    "line-comment-position": 0,
  },
}
`;
